2136293171
2072936011
2142885048
2136886033
2128691439
2136026421
2142279313
2145494462
2144726361
2133757847
2143709966
2121898685
2113450068
2110940202
2140331603
2141523207
2141460332
2074117296
2106580515
2138510445
2138833021
2105399970
2144009516
2073138892
2068898095
2114917204
2123522085
2141456532
2140350377
2140702636
2145971788
