2145229430
2140561107
2128483044
2144722077
2120335004
2098766473
2135375554
2026365938
2147348673
2118121168
2114741898
2104938013
2143647796
2140761842
2087209530
2137131451
2141809515
2047528305
2144619810
2128500464
2136722642
2120052944
2041057385
2121033946
2134049910
2020236200
2118571971
2144802053
