2120317715
2051729631
2129819828
2075110341
2134552364
2099064641
2127144399
2137810990
2081363875
2113453335
2142261425
2041220330
2034201503
1999991675
2135910564
1959387884
2033047978
2129703089
2092274280
2130094539
2079400244
2019453704
2092581057
2118999118
2105771724
2109072544
2116223248
2090672042
2137997557
2075240383
2014038459
2121650790
2082708026
2110672752
2032585191
2118638849
2017621447
2134427761
2074679153
2124508062
2033092709
2132291345
2127874097
2104182778
2116920623
2113951189
1910617794
