2145717105
2011732864
2134352768
2114111114
2139874764
2124141741
2118834674
2114142493
2126969697
2145332080
2146885719
2143301388
2122834237
2142451101
2116321549
2105680438
2137807794
2129588318
2121013400
2113821960
2108936632
2116640424
2135919143
2129009171
2126059741
2129355608
2085836407
2130901140
2124587074
2143771386
