2094869433
2111439291
2040543556
2142487334
2142762126
2094033940
2055535546
2024705391
1917837206
1981278818
2111236501
2019993942
2085358655
2078734572
2115901088
2085498122
2133881650
