2099007660
2126912524
2144498612
2118036085
2142308985
2113500562
2103119994
2133684546
2113775339
2131859465
2100028178
2142982360
2143293070
2119330954
2116367744
2084246009
2141248051
2126930334
2105581867
2133199567
2133851775
2129413800
2125244746
2147199852
2145843878
2117363826
2143820968
2143808370
2126188630
2119125921
2143434312
2138963025
2096778910
2113712153
2137475958
2117917939
2130797702
2095143505
2123585934
2146022240
2145804943
2136155298
2088953087
2137048857
2137305947
2143800350
2146073038
