2126270827
2131574079
2109667415
2111012224
2133157827
2141711101
1991291869
2130269096
2069610966
2042077592
2119494938
2004380453
2006014754
2041312901
2138091213
2109695018
2132788483
2138750975
2128377198
2072866278
2137654538
2092038462
2124719015
2077750259
2102919450
2128873558
2140735764
2135448234
