1609957982
1854142046
1960759564
1836424634
2027782275
1929884140
1720975521
1545727424
2074256639
1802582912
1596249514
1752987627
1635876543
2073206976
1840154526
2112764748
2097538591
1960094576
1836689942
2104418080
1954639843
1903940450
818708798
2098391620
1906431628
1884121011
2131662592
2083100628
1370913694
1922430204
2016442910
2119903260
1749854681
1745569410
1833775437
1799729965
1967397312
1983663350
2037431941
2131933758
