2133755160
2123302199
1997632515
2146208368
2102335752
2092640521
2118219520
2052350864
2073701393
2129605134
